
> firebase-todo-app@0.0.0 build
> vite build

[33mThe CJS build of Vite's Node API is deprecated. See https://vite.dev/guide/troubleshooting.html#vite-cjs-node-api-deprecated for more details.[39m
[36mvite v5.4.19 [32mbuilding for production...[36m[39m
transforming...
[32m✓[39m 61 modules transformed.
[1m[33m[plugin:vite:reporter][39m[22m [33m[plugin vite:reporter] 
(!) /home/runner/work/firebase-todo-app/firebase-todo-app/node_modules/firebase/firestore/dist/esm/index.esm.js is dynamically imported by /home/runner/work/firebase-todo-app/firebase-todo-app/src/contexts/AuthContext.jsx, /home/runner/work/firebase-todo-app/firebase-todo-app/src/contexts/AuthContext.jsx, /home/runner/work/firebase-todo-app/firebase-todo-app/src/contexts/AuthContext.jsx but also statically imported by /home/runner/work/firebase-todo-app/firebase-todo-app/src/components/TodoList.jsx, /home/runner/work/firebase-todo-app/firebase-todo-app/src/components/TodoStats.jsx, /home/runner/work/firebase-todo-app/firebase-todo-app/src/components/UserProfile.jsx, /home/runner/work/firebase-todo-app/firebase-todo-app/src/firebase.js, dynamic import will not move module into another chunk.
[39m
[1m[33m[plugin:vite:reporter][39m[22m [33m[plugin vite:reporter] 
(!) /home/runner/work/firebase-todo-app/firebase-todo-app/node_modules/firebase/auth/dist/esm/index.esm.js is dynamically imported by /home/runner/work/firebase-todo-app/firebase-todo-app/src/contexts/AuthContext.jsx, /home/runner/work/firebase-todo-app/firebase-todo-app/src/contexts/AuthContext.jsx, /home/runner/work/firebase-todo-app/firebase-todo-app/src/contexts/AuthContext.jsx but also statically imported by /home/runner/work/firebase-todo-app/firebase-todo-app/src/firebase.js, /home/runner/work/firebase-todo-app/firebase-todo-app/src/pages/Login.jsx, /home/runner/work/firebase-todo-app/firebase-todo-app/src/pages/Register.jsx, dynamic import will not move module into another chunk.
[39m
[1m[33m[plugin:vite:reporter][39m[22m [33m[plugin vite:reporter] 
(!) /home/runner/work/firebase-todo-app/firebase-todo-app/src/firebase.js is dynamically imported by /home/runner/work/firebase-todo-app/firebase-todo-app/src/contexts/AuthContext.jsx, /home/runner/work/firebase-todo-app/firebase-todo-app/src/contexts/AuthContext.jsx, /home/runner/work/firebase-todo-app/firebase-todo-app/src/contexts/AuthContext.jsx, /home/runner/work/firebase-todo-app/firebase-todo-app/src/contexts/AuthContext.jsx, /home/runner/work/firebase-todo-app/firebase-todo-app/src/contexts/AuthContext.jsx, /home/runner/work/firebase-todo-app/firebase-todo-app/src/contexts/AuthContext.jsx but also statically imported by /home/runner/work/firebase-todo-app/firebase-todo-app/src/components/TodoList.jsx, /home/runner/work/firebase-todo-app/firebase-todo-app/src/components/TodoStats.jsx, /home/runner/work/firebase-todo-app/firebase-todo-app/src/components/UserProfile.jsx, dynamic import will not move module into another chunk.
[39m
rendering chunks...
computing gzip size...
[2mdist/[22m[32mindex.html                 [39m[1m[2m  0.58 kB[22m[1m[22m[2m │ gzip:   0.37 kB[22m
[2mdist/[22m[2massets/[22m[35mindex-DWWLbRq_.css  [39m[1m[2m 31.20 kB[22m[1m[22m[2m │ gzip:   6.12 kB[22m
[2mdist/[22m[2massets/[22m[36mindex-B86qz3HX.js   [39m[1m[33m891.43 kB[39m[22m[2m │ gzip: 219.40 kB[22m[2m │ map: 3,216.38 kB[22m
[33m
(!) Some chunks are larger than 500 kB after minification. Consider:
- Using dynamic import() to code-split the application
- Use build.rollupOptions.output.manualChunks to improve chunking: https://rollupjs.org/configuration-options/#output-manualchunks
- Adjust chunk size limit for this warning via build.chunkSizeWarningLimit.[39m
[32m✓ built in 3.92s[39m
